// Auto-generated from spec "github.com/mit-pdos/pav/rpc/testdata/nogen/nogen.go"
// using compiler "github.com/mit-pdos/pav/rpc".
package rpc

import (
	"github.com/mit-pdos/pav/marshalutil"
	"github.com/tchajed/marshal"
)
