// Auto-generated from spec "github.com/mit-pdos/pav/rpc/testdata/otherpkg/otherpkg.go"
// using compiler "github.com/mit-pdos/pav/rpc".
package otherpkg

import (
	"github.com/mit-pdos/pav/marshalutil"
	"github.com/tchajed/marshal"
)

type errorTy = bool

const (
	errNone errorTy = false
	errSome errorTy = true
)
